[winsfolio.net/html/websole/demos/index-4.html]
[backblue.gif]
[fade.gif]
[index.html]
[winsfolio.net/html/websole/demos/assets/img/heading-img.png]
[winsfolio.net/html/websole/demos/assets/css/bootstrap.min.css]
[winsfolio.net/html/websole/demos/assets/css/owl.carousel.min.css]
[winsfolio.net/html/websole/demos/assets/css/owl.theme.default.min.css]
[winsfolio.net/html/websole/demos/assets/css/jquery.fancybox.min.css]
[winsfolio.net/html/websole/demos/assets/css/fontawesome.min.css]
[winsfolio.net/html/websole/demos/assets/font/flaticon_mycollection.css]
[winsfolio.net/html/websole/demos/assets/css/style.css]
[winsfolio.net/html/websole/demos/assets/css/responsive.css]
[winsfolio.net/html/websole/demos/assets/img/logo.png]
[winsfolio.net/html/websole/demos/index.html]
[winsfolio.net/html/websole/demos/index-2.html]
[winsfolio.net/html/websole/demos/index-3.html]
[winsfolio.net/html/websole/demos/assets/img/line-img.jpg]
[winsfolio.net/html/websole/demos/assets/img/shaps-4.png]
[winsfolio.net/html/websole/demos/assets/img/shaps-1.png]
[winsfolio.net/html/websole/demos/assets/img/shaps-2.png]
[winsfolio.net/html/websole/demos/assets/img/shaps-3.png]
[winsfolio.net/html/websole/demos/assets/img/sponsor-img-1.png]
[winsfolio.net/html/websole/demos/assets/img/sponsor-img-2.png]
[winsfolio.net/html/websole/demos/assets/img/sponsor-img-3.png]
[winsfolio.net/html/websole/demos/assets/img/sponsor-img-4.png]
[winsfolio.net/html/websole/demos/assets/img/sponsor-img-5.png]
[winsfolio.net/html/websole/demos/assets/img/sponsor-img-6.png]
[winsfolio.net/html/websole/demos/assets/img/sponsor-img-7.png]
[winsfolio.net/html/websole/demos/assets/img/shaps-bg.png]
[winsfolio.net/html/websole/demos/assets/img/chek.png]
[winsfolio.net/html/websole/demos/assets/img/stap-img.jpg]
[winsfolio.net/html/websole/demos/assets/img/team-1.jpg]
[winsfolio.net/html/websole/demos/assets/img/team-2.jpg]
[winsfolio.net/html/websole/demos/assets/img/team-3.jpg]
[winsfolio.net/html/websole/demos/assets/img/google-w.png]
[winsfolio.net/html/websole/demos/assets/img/shaps-5.png]
[winsfolio.net/html/websole/demos/assets/img/accordion.jpg]
[winsfolio.net/html/websole/demos/assets/img/clients-1.jpg]
[winsfolio.net/html/websole/demos/assets/img/clients-2.jpg]
[winsfolio.net/html/websole/demos/assets/img/clients-3.jpg]
[winsfolio.net/html/websole/demos/assets/img/clients-4.jpg]
[winsfolio.net/html/websole/demos/assets/img/clients-5.jpg]
[winsfolio.net/html/websole/demos/assets/img/blog-img-1.jpg]
[winsfolio.net/html/websole/demos/assets/img/blog-img-2.jpg]
[winsfolio.net/html/websole/demos/assets/img/blog-img-3.jpg]
[winsfolio.net/html/websole/demos/assets/img/shaps-6.png]
[winsfolio.net/html/websole/demos/assets/img/footer.jpg]
[winsfolio.net/html/websole/demos/assets/js/jquery-3.6.0.min.js]
[winsfolio.net/html/websole/demos/assets/js/bootstrap.min.js]
[winsfolio.net/html/websole/demos/assets/js/jquery.fancybox.min.js]
[winsfolio.net/html/websole/demos/assets/js/splitText.js]
[winsfolio.net/html/websole/demos/assets/js/gsap.js]
[winsfolio.net/html/websole/demos/assets/js/scrolltrigger.js]
[winsfolio.net/html/websole/demos/assets/js/custom.js]
[winsfolio.net/html/websole/demos/assets/js/sweetalert.min.js]
[winsfolio.net/html/websole/demos/assets/js/contact.js]
[winsfolio.net/html/websole/demos/index-4.html]
[winsfolio.net/html/websole/demos/assets/css/bootstrap.min.css]
[winsfolio.net/html/websole/demos/assets/css/owl.carousel.min.css]
[winsfolio.net/html/websole/demos/assets/css/owl.theme.default.min.css]
[winsfolio.net/html/websole/demos/assets/css/jquery.fancybox.min.css]
[winsfolio.net/html/websole/demos/assets/fonts/fa-brands-400.woff2]
[winsfolio.net/html/websole/demos/assets/fonts/fa-regular-400.woff2]
[winsfolio.net/html/websole/demos/assets/fonts/fa-regular-400.ttf]
[winsfolio.net/html/websole/demos/assets/fonts/fa-solid-900.woff2]
[winsfolio.net/html/websole/demos/assets/fonts/fa-brands-400.ttf]
[winsfolio.net/html/websole/demos/assets/fonts/fa-v4compatibility.woff2]
[winsfolio.net/html/websole/demos/assets/fonts/fa-solid-900.ttf]
[winsfolio.net/html/websole/demos/assets/css/fontawesome.min.css]
[winsfolio.net/html/websole/demos/assets/fonts/fa-v4compatibility.ttf]
[winsfolio.net/html/websole/demos/assets/font/flaticon_mycollection0e38.woff2]
[winsfolio.net/html/websole/demos/assets/font/flaticon_mycollection0e38.woff]
[winsfolio.net/html/websole/demos/assets/font/flaticon_mycollection0e38.eot]
[winsfolio.net/html/websole/demos/assets/font/flaticon_mycollection0e38.ttf]
[winsfolio.net/html/websole/demos/assets/font/flaticon_mycollection.css]
[winsfolio.net/html/websole/demos/assets/img/down-arrow.svg]
[winsfolio.net/html/websole/demos/assets/css/style.css]
[winsfolio.net/html/websole/demos/assets/css/responsive.css]
[winsfolio.net/html/websole/demos/assets/img/google.png]
[winsfolio.net/html/websole/demos/assets/font/flaticon_mycollection0e38.svg]
[winsfolio.net/html/websole/demos/assets/img/fom-img.png]
[winsfolio.net/html/websole/demos/index.html]
[winsfolio.net/html/websole/demos/index-2.html]
[winsfolio.net/html/websole/demos/assets/img/paper-plan.png]
[winsfolio.net/html/websole/demos/index-3.html]
[winsfolio.net/html/websole/demos/about.html]
[winsfolio.net/html/websole/demos/contact.html]
[winsfolio.net/html/websole/demos/faq.html]
[winsfolio.net/html/websole/demos/assets/css/owl.video.play.html]
[winsfolio.net/html/websole/demos/assets/font/flaticon_mycollection0e38.svg]
[winsfolio.net/html/websole/demos/assets/img/down-arrow.svg]
